// Jest Snapshot v1, https://goo.gl/fbAQLP

exports[`PrimaryButton Component matches to the snapshot 1`] = `
<ForwardRef(Themed.Button)
  buttonStyle={
    Object {
      "paddingBottom": 22.5,
      "paddingLeft": 45,
      "paddingRight": 45,
      "paddingTop": 22.5,
    }
  }
  onPress={[MockFunction]}
  title="SOME TITLE"
  titleStyle={
    Object {
      "fontSize": 30,
    }
  }
/>
`;
