// Jest Snapshot v1, https://goo.gl/fbAQLP

exports[`Quiz Screen BooleanAnswersInstruction Component matches to the snapshot 1`] = `
<View
  style={
    Object {
      "alignItems": "center",
      "flexDirection": "row",
      "marginBottom": 50,
      "marginTop": -50,
    }
  }
>
  <Text
    style={
      Object {
        "color": "#474D54",
        "fontSize": 30,
        "fontWeight": "bold",
      }
    }
  >
    FALSE
  </Text>
  <Themed.Icon
    iconStyle={
      Object {
        "marginLeft": 22.5,
      }
    }
    name="arrow-long-left"
    size={30}
    type="entypo"
  />
  <Themed.Icon
    color="#474D54"
    iconStyle={
      Object {
        "marginLeft": 22.5,
        "marginRight": 22.5,
      }
    }
    name="gesture-swipe-horizontal"
    size={60}
    type="material-community"
  />
  <Themed.Icon
    iconStyle={
      Object {
        "marginRight": 22.5,
      }
    }
    name="arrow-long-right"
    size={30}
    type="entypo"
  />
  <Text
    style={
      Object {
        "color": "#474D54",
        "fontSize": 30,
        "fontWeight": "bold",
      }
    }
  >
    TRUE
  </Text>
</View>
`;
